// Jest Snapshot v1, https://goo.gl/fbAQLP

exports[`It should render the homepage components correctly 1`] = `
Object {
  "asFragment": [Function],
  "baseElement": <body>
    <div>
      <div
        class="header-container"
      >
        <a
          href="/"
        >
          <div>
            <svg
              class="back-arrow"
            >
              <use
                xlink:href="icons.svg#icon-chevron-left1"
              />
            </svg>
          </div>
        </a>
        <div />
        <div
          class="right-container"
        >
          <svg
            class="mic-setting"
          >
            <use
              xlink:href="icons.svg#icon-microphone"
            />
          </svg>
          <svg
            class="mic-setting"
          >
            <use
              xlink:href="icons.svg#icon-settings"
            />
          </svg>
        </div>
      </div>
    </div>
  </body>,
  "container": <div>
    <div
      class="header-container"
    >
      <a
        href="/"
      >
        <div>
          <svg
            class="back-arrow"
          >
            <use
              xlink:href="icons.svg#icon-chevron-left1"
            />
          </svg>
        </div>
      </a>
      <div />
      <div
        class="right-container"
      >
        <svg
          class="mic-setting"
        >
          <use
            xlink:href="icons.svg#icon-microphone"
          />
        </svg>
        <svg
          class="mic-setting"
        >
          <use
            xlink:href="icons.svg#icon-settings"
          />
        </svg>
      </div>
    </div>
  </div>,
  "debug": [Function],
  "findAllByAltText": [Function],
  "findAllByDisplayValue": [Function],
  "findAllByLabelText": [Function],
  "findAllByPlaceholderText": [Function],
  "findAllByRole": [Function],
  "findAllByTestId": [Function],
  "findAllByText": [Function],
  "findAllByTitle": [Function],
  "findByAltText": [Function],
  "findByDisplayValue": [Function],
  "findByLabelText": [Function],
  "findByPlaceholderText": [Function],
  "findByRole": [Function],
  "findByTestId": [Function],
  "findByText": [Function],
  "findByTitle": [Function],
  "getAllByAltText": [Function],
  "getAllByDisplayValue": [Function],
  "getAllByLabelText": [Function],
  "getAllByPlaceholderText": [Function],
  "getAllByRole": [Function],
  "getAllByTestId": [Function],
  "getAllByText": [Function],
  "getAllByTitle": [Function],
  "getByAltText": [Function],
  "getByDisplayValue": [Function],
  "getByLabelText": [Function],
  "getByPlaceholderText": [Function],
  "getByRole": [Function],
  "getByTestId": [Function],
  "getByText": [Function],
  "getByTitle": [Function],
  "queryAllByAltText": [Function],
  "queryAllByDisplayValue": [Function],
  "queryAllByLabelText": [Function],
  "queryAllByPlaceholderText": [Function],
  "queryAllByRole": [Function],
  "queryAllByTestId": [Function],
  "queryAllByText": [Function],
  "queryAllByTitle": [Function],
  "queryByAltText": [Function],
  "queryByDisplayValue": [Function],
  "queryByLabelText": [Function],
  "queryByPlaceholderText": [Function],
  "queryByRole": [Function],
  "queryByTestId": [Function],
  "queryByText": [Function],
  "queryByTitle": [Function],
  "rerender": [Function],
  "unmount": [Function],
}
`;
